======================================================================
DATA QUALITY
======================================================================
Data-quality report: AAPL
  Rows:                    110,137
  Range:                   2025-01-24 00:01:00+00:00 -> 2025-08-14 23:59:00+00:00
  Timezone:                UTC
  Inferred bar interval:   60.0s
  Duplicate timestamps:    0
  Out-of-order timestamps: 0
  Missing bars (total):    182182 (11996 gap(s))
    Expected (session closed):    180199
    Unexpected (inside session):  1983
  Invalid prices (<=0):    0
  Invalid OHLC relations:  0
  Negative volume:         0
  NaN values:              0
  Infinite values:         0
  CRITICAL CORRUPTION:     no

Data-quality report: ADBE
  Rows:                    59,101
  Range:                   2025-01-24 12:52:00+00:00 -> 2025-08-14 23:32:00+00:00
  Timezone:                UTC
  Inferred bar interval:   60.0s
  Duplicate timestamps:    0
  Out-of-order timestamps: 0
  Missing bars (total):    232420 (3643 gap(s))
    Expected (session closed):    230159
    Unexpected (inside session):  2261
  Invalid prices (<=0):    0
  Invalid OHLC relations:  0
  Negative volume:         0
  NaN values:              0
  Infinite values:         0
  CRITICAL CORRUPTION:     no

Data-quality report: ADI
  Rows:                    56,114
  Range:                   2025-01-24 00:02:00+00:00 -> 2025-08-14 22:00:00+00:00
  Timezone:                UTC
  Inferred bar interval:   60.0s
  Duplicate timestamps:    0
  Out-of-order timestamps: 0
  Missing bars (total):    236085 (2006 gap(s))
    Expected (session closed):    233581
    Unexpected (inside session):  2504
  Invalid prices (<=0):    0
  Invalid OHLC relations:  0
  Negative volume:         0
  NaN values:              0
  Infinite values:         0
  CRITICAL CORRUPTION:     no

Data-quality report: AMAT
  Rows:                    63,195
  Range:                   2025-01-24 00:34:00+00:00 -> 2025-08-14 23:59:00+00:00
  Timezone:                UTC
  Inferred bar interval:   60.0s
  Duplicate timestamps:    0
  Out-of-order timestamps: 0
  Missing bars (total):    229091 (5787 gap(s))
    Expected (session closed):    226961
    Unexpected (inside session):  2130
  Invalid prices (<=0):    0
  Invalid OHLC relations:  0
  Negative volume:         0
  NaN values:              0
  Infinite values:         0
  CRITICAL CORRUPTION:     no

Data-quality report: AMD
  Rows:                    117,113
  Range:                   2025-01-24 00:01:00+00:00 -> 2025-08-14 23:59:00+00:00
  Timezone:                UTC
  Inferred bar interval:   60.0s
  Duplicate timestamps:    0
  Out-of-order timestamps: 0
  Missing bars (total):    175206 (9945 gap(s))
    Expected (session closed):    173231
    Unexpected (inside session):  1975
  Invalid prices (<=0):    0
  Invalid OHLC relations:  0
  Negative volume:         0
  NaN values:              0
  Infinite values:         0
  CRITICAL CORRUPTION:     no

Data-quality report: AMZN
  Rows:                    109,326
  Range:                   2025-01-24 00:03:00+00:00 -> 2025-08-14 23:59:00+00:00
  Timezone:                UTC
  Inferred bar interval:   60.0s
  Duplicate timestamps:    0
  Out-of-order timestamps: 0
  Missing bars (total):    182991 (11985 gap(s))
    Expected (session closed):    181010
    Unexpected (inside session):  1981
  Invalid prices (<=0):    0
  Invalid OHLC relations:  0
  Negative volume:         0
  NaN values:              0
  Infinite values:         0
  CRITICAL CORRUPTION:     no

Data-quality report: AVGO
  Rows:                    93,521
  Range:                   2025-01-24 00:01:00+00:00 -> 2025-08-14 23:59:00+00:00
  Timezone:                UTC
  Inferred bar interval:   60.0s
  Duplicate timestamps:    0
  Out-of-order timestamps: 0
  Missing bars (total):    198798 (13732 gap(s))
    Expected (session closed):    196763
    Unexpected (inside session):  2035
  Invalid prices (<=0):    0
  Invalid OHLC relations:  0
  Negative volume:         0
  NaN values:              0
  Infinite values:         0
  CRITICAL CORRUPTION:     no

Data-quality report: BKNG
  Rows:                    19,738
  Range:                   2025-01-24 14:30:00+00:00 -> 2025-08-14 20:42:00+00:00
  Timezone:                UTC
  Inferred bar interval:   60.0s
  Duplicate timestamps:    0
  Out-of-order timestamps: 0
  Missing bars (total):    271515 (10452 gap(s))
    Expected (session closed):    234319
    Unexpected (inside session):  37196
  Invalid prices (<=0):    0
  Invalid OHLC relations:  0
  Negative volume:         0
  NaN values:              0
  Infinite values:         0
  CRITICAL CORRUPTION:     no

Data-quality report: CMCSA
  Rows:                    61,949
  Range:                   2025-01-24 09:21:00+00:00 -> 2025-08-14 23:55:00+00:00
  Timezone:                UTC
  Inferred bar interval:   60.0s
  Duplicate timestamps:    0
  Out-of-order timestamps: 0
  Missing bars (total):    229806 (4917 gap(s))
    Expected (session closed):    227685
    Unexpected (inside session):  2121
  Invalid prices (<=0):    0
  Invalid OHLC relations:  0
  Negative volume:         0
  NaN values:              0
  Infinite values:         0
  CRITICAL CORRUPTION:     no

Data-quality report: COST
  Rows:                    55,513
  Range:                   2025-01-24 12:27:00+00:00 -> 2025-08-14 23:42:00+00:00
  Timezone:                UTC
  Inferred bar interval:   60.0s
  Duplicate timestamps:    0
  Out-of-order timestamps: 0
  Missing bars (total):    236043 (5109 gap(s))
    Expected (session closed):    231423
    Unexpected (inside session):  4620
  Invalid prices (<=0):    0
  Invalid OHLC relations:  0
  Negative volume:         0
  NaN values:              0
  Infinite values:         0
  CRITICAL CORRUPTION:     no

Data-quality report: CSCO
  Rows:                    66,709
  Range:                   2025-01-24 00:44:00+00:00 -> 2025-08-14 23:59:00+00:00
  Timezone:                UTC
  Inferred bar interval:   60.0s
  Duplicate timestamps:    0
  Out-of-order timestamps: 0
  Missing bars (total):    225567 (7238 gap(s))
    Expected (session closed):    223483
    Unexpected (inside session):  2084
  Invalid prices (<=0):    0
  Invalid OHLC relations:  0
  Negative volume:         0
  NaN values:              0
  Infinite values:         0
  CRITICAL CORRUPTION:     no

Data-quality report: GILD
  Rows:                    58,445
  Range:                   2025-01-24 00:37:00+00:00 -> 2025-08-14 23:46:00+00:00
  Timezone:                UTC
  Inferred bar interval:   60.0s
  Duplicate timestamps:    0
  Out-of-order timestamps: 0
  Missing bars (total):    233825 (3015 gap(s))
    Expected (session closed):    231692
    Unexpected (inside session):  2133
  Invalid prices (<=0):    0
  Invalid OHLC relations:  0
  Negative volume:         0
  NaN values:              0
  Infinite values:         0
  CRITICAL CORRUPTION:     no

Data-quality report: GOOGL
  Rows:                    104,734
  Range:                   2025-01-24 00:01:00+00:00 -> 2025-08-14 23:59:00+00:00
  Timezone:                UTC
  Inferred bar interval:   60.0s
  Duplicate timestamps:    0
  Out-of-order timestamps: 0
  Missing bars (total):    187585 (13602 gap(s))
    Expected (session closed):    185583
    Unexpected (inside session):  2002
  Invalid prices (<=0):    0
  Invalid OHLC relations:  0
  Negative volume:         0
  NaN values:              0
  Infinite values:         0
  CRITICAL CORRUPTION:     no

Data-quality report: HON
  Rows:                    56,470
  Range:                   2025-01-24 14:27:00+00:00 -> 2025-08-14 23:59:00+00:00
  Timezone:                UTC
  Inferred bar interval:   60.0s
  Duplicate timestamps:    0
  Out-of-order timestamps: 0
  Missing bars (total):    234983 (2180 gap(s))
    Expected (session closed):    232488
    Unexpected (inside session):  2495
  Invalid prices (<=0):    0
  Invalid OHLC relations:  0
  Negative volume:         0
  NaN values:              0
  Infinite values:         0
  CRITICAL CORRUPTION:     no

Data-quality report: INTC
  Rows:                    120,249
  Range:                   2025-01-24 00:00:00+00:00 -> 2025-08-14 23:59:00+00:00
  Timezone:                UTC
  Inferred bar interval:   60.0s
  Duplicate timestamps:    0
  Out-of-order timestamps: 0
  Missing bars (total):    172071 (8975 gap(s))
    Expected (session closed):    170081
    Unexpected (inside session):  1990
  Invalid prices (<=0):    0
  Invalid OHLC relations:  0
  Negative volume:         0
  NaN values:              0
  Infinite values:         0
  CRITICAL CORRUPTION:     no

Data-quality report: INTU
  Rows:                    51,619
  Range:                   2025-01-24 13:36:00+00:00 -> 2025-08-14 20:02:00+00:00
  Timezone:                UTC
  Inferred bar interval:   60.0s
  Duplicate timestamps:    0
  Out-of-order timestamps: 0
  Missing bars (total):    239648 (4441 gap(s))
    Expected (session closed):    233430
    Unexpected (inside session):  6218
  Invalid prices (<=0):    0
  Invalid OHLC relations:  0
  Negative volume:         0
  NaN values:              0
  Infinite values:         0
  CRITICAL CORRUPTION:     no

Data-quality report: ISRG
  Rows:                    53,337
  Range:                   2025-01-24 00:00:00+00:00 -> 2025-08-14 23:58:00+00:00
  Timezone:                UTC
  Inferred bar interval:   60.0s
  Duplicate timestamps:    0
  Out-of-order timestamps: 0
  Missing bars (total):    238982 (4249 gap(s))
    Expected (session closed):    233715
    Unexpected (inside session):  5267
  Invalid prices (<=0):    0
  Invalid OHLC relations:  0
  Negative volume:         0
  NaN values:              0
  Infinite values:         0
  CRITICAL CORRUPTION:     no

Data-quality report: KLAC
  Rows:                    45,754
  Range:                   2025-01-24 13:18:00+00:00 -> 2025-08-14 23:43:00+00:00
  Timezone:                UTC
  Inferred bar interval:   60.0s
  Duplicate timestamps:    0
  Out-of-order timestamps: 0
  Missing bars (total):    245752 (8067 gap(s))
    Expected (session closed):    233705
    Unexpected (inside session):  12047
  Invalid prices (<=0):    0
  Invalid OHLC relations:  0
  Negative volume:         0
  NaN values:              0
  Infinite values:         0
  CRITICAL CORRUPTION:     no

Data-quality report: LRCX
  Rows:                    64,691
  Range:                   2025-01-24 00:03:00+00:00 -> 2025-08-14 23:59:00+00:00
  Timezone:                UTC
  Inferred bar interval:   60.0s
  Duplicate timestamps:    0
  Out-of-order timestamps: 0
  Missing bars (total):    227626 (6631 gap(s))
    Expected (session closed):    225518
    Unexpected (inside session):  2108
  Invalid prices (<=0):    0
  Invalid OHLC relations:  0
  Negative volume:         0
  NaN values:              0
  Infinite values:         0
  CRITICAL CORRUPTION:     no

Data-quality report: MDLZ
  Rows:                    57,299
  Range:                   2025-01-24 13:00:00+00:00 -> 2025-08-14 22:49:00+00:00
  Timezone:                UTC
  Inferred bar interval:   60.0s
  Duplicate timestamps:    0
  Out-of-order timestamps: 0
  Missing bars (total):    234171 (2109 gap(s))
    Expected (session closed):    232038
    Unexpected (inside session):  2133
  Invalid prices (<=0):    0
  Invalid OHLC relations:  0
  Negative volume:         0
  NaN values:              0
  Infinite values:         0
  CRITICAL CORRUPTION:     no

Data-quality report: META
  Rows:                    87,612
  Range:                   2025-01-24 00:02:00+00:00 -> 2025-08-14 23:58:00+00:00
  Timezone:                UTC
  Inferred bar interval:   60.0s
  Duplicate timestamps:    0
  Out-of-order timestamps: 0
  Missing bars (total):    204705 (12887 gap(s))
    Expected (session closed):    202662
    Unexpected (inside session):  2043
  Invalid prices (<=0):    0
  Invalid OHLC relations:  0
  Negative volume:         0
  NaN values:              0
  Infinite values:         0
  CRITICAL CORRUPTION:     no

Data-quality report: MSFT
  Rows:                    85,398
  Range:                   2025-01-24 00:03:00+00:00 -> 2025-08-14 23:59:00+00:00
  Timezone:                UTC
  Inferred bar interval:   60.0s
  Duplicate timestamps:    0
  Out-of-order timestamps: 0
  Missing bars (total):    206919 (13021 gap(s))
    Expected (session closed):    204877
    Unexpected (inside session):  2042
  Invalid prices (<=0):    0
  Invalid OHLC relations:  0
  Negative volume:         0
  NaN values:              0
  Infinite values:         0
  CRITICAL CORRUPTION:     no

Data-quality report: MU
  Rows:                    95,869
  Range:                   2025-01-24 00:01:00+00:00 -> 2025-08-14 23:59:00+00:00
  Timezone:                UTC
  Inferred bar interval:   60.0s
  Duplicate timestamps:    0
  Out-of-order timestamps: 0
  Missing bars (total):    196450 (13748 gap(s))
    Expected (session closed):    194425
    Unexpected (inside session):  2025
  Invalid prices (<=0):    0
  Invalid OHLC relations:  0
  Negative volume:         0
  NaN values:              0
  Infinite values:         0
  CRITICAL CORRUPTION:     no

Data-quality report: NFLX
  Rows:                    63,670
  Range:                   2025-01-24 00:02:00+00:00 -> 2025-08-14 23:59:00+00:00
  Timezone:                UTC
  Inferred bar interval:   60.0s
  Duplicate timestamps:    0
  Out-of-order timestamps: 0
  Missing bars (total):    228648 (6690 gap(s))
    Expected (session closed):    226066
    Unexpected (inside session):  2582
  Invalid prices (<=0):    0
  Invalid OHLC relations:  0
  Negative volume:         0
  NaN values:              0
  Infinite values:         0
  CRITICAL CORRUPTION:     no

Data-quality report: NVDA
  Rows:                    133,873
  Range:                   2025-01-24 00:01:00+00:00 -> 2025-08-14 23:59:00+00:00
  Timezone:                UTC
  Inferred bar interval:   60.0s
  Duplicate timestamps:    0
  Out-of-order timestamps: 0
  Missing bars (total):    158446 (522 gap(s))
    Expected (session closed):    156496
    Unexpected (inside session):  1950
  Invalid prices (<=0):    0
  Invalid OHLC relations:  0
  Negative volume:         0
  NaN values:              0
  Infinite values:         0
  CRITICAL CORRUPTION:     no

Data-quality report: PANW
  Rows:                    63,355
  Range:                   2025-01-24 00:58:00+00:00 -> 2025-08-14 23:58:00+00:00
  Timezone:                UTC
  Inferred bar interval:   60.0s
  Duplicate timestamps:    0
  Out-of-order timestamps: 0
  Missing bars (total):    228906 (5901 gap(s))
    Expected (session closed):    226750
    Unexpected (inside session):  2156
  Invalid prices (<=0):    0
  Invalid OHLC relations:  0
  Negative volume:         0
  NaN values:              0
  Infinite values:         0
  CRITICAL CORRUPTION:     no

Data-quality report: PEP
  Rows:                    62,389
  Range:                   2025-01-24 00:31:00+00:00 -> 2025-08-14 23:50:00+00:00
  Timezone:                UTC
  Inferred bar interval:   60.0s
  Duplicate timestamps:    0
  Out-of-order timestamps: 0
  Missing bars (total):    229891 (5754 gap(s))
    Expected (session closed):    227792
    Unexpected (inside session):  2099
  Invalid prices (<=0):    0
  Invalid OHLC relations:  0
  Negative volume:         0
  NaN values:              0
  Infinite values:         0
  CRITICAL CORRUPTION:     no

Data-quality report: PYPL
  Rows:                    73,037
  Range:                   2025-01-24 00:56:00+00:00 -> 2025-08-14 23:45:00+00:00
  Timezone:                UTC
  Inferred bar interval:   60.0s
  Duplicate timestamps:    0
  Out-of-order timestamps: 0
  Missing bars (total):    219213 (10848 gap(s))
    Expected (session closed):    217117
    Unexpected (inside session):  2096
  Invalid prices (<=0):    0
  Invalid OHLC relations:  0
  Negative volume:         0
  NaN values:              0
  Infinite values:         0
  CRITICAL CORRUPTION:     no

Data-quality report: QCOM
  Rows:                    66,159
  Range:                   2025-01-24 00:12:00+00:00 -> 2025-08-14 23:55:00+00:00
  Timezone:                UTC
  Inferred bar interval:   60.0s
  Duplicate timestamps:    0
  Out-of-order timestamps: 0
  Missing bars (total):    226145 (7452 gap(s))
    Expected (session closed):    224035
    Unexpected (inside session):  2110
  Invalid prices (<=0):    0
  Invalid OHLC relations:  0
  Negative volume:         0
  NaN values:              0
  Infinite values:         0
  CRITICAL CORRUPTION:     no

Data-quality report: REGN
  Rows:                    45,374
  Range:                   2025-01-24 09:11:00+00:00 -> 2025-08-14 22:25:00+00:00
  Timezone:                UTC
  Inferred bar interval:   60.0s
  Duplicate timestamps:    0
  Out-of-order timestamps: 0
  Missing bars (total):    246301 (7904 gap(s))
    Expected (session closed):    234182
    Unexpected (inside session):  12119
  Invalid prices (<=0):    0
  Invalid OHLC relations:  0
  Negative volume:         0
  NaN values:              0
  Infinite values:         0
  CRITICAL CORRUPTION:     no

Data-quality report: SBUX
  Rows:                    64,455
  Range:                   2025-01-24 00:05:00+00:00 -> 2025-08-14 23:54:00+00:00
  Timezone:                UTC
  Inferred bar interval:   60.0s
  Duplicate timestamps:    0
  Out-of-order timestamps: 0
  Missing bars (total):    227855 (6198 gap(s))
    Expected (session closed):    225755
    Unexpected (inside session):  2100
  Invalid prices (<=0):    0
  Invalid OHLC relations:  0
  Negative volume:         0
  NaN values:              0
  Infinite values:         0
  CRITICAL CORRUPTION:     no

Data-quality report: STX
  Rows:                    56,275
  Range:                   2025-01-24 12:17:00+00:00 -> 2025-08-14 20:17:00+00:00
  Timezone:                UTC
  Inferred bar interval:   60.0s
  Duplicate timestamps:    0
  Out-of-order timestamps: 0
  Missing bars (total):    235086 (2345 gap(s))
    Expected (session closed):    232405
    Unexpected (inside session):  2681
  Invalid prices (<=0):    0
  Invalid OHLC relations:  0
  Negative volume:         0
  NaN values:              0
  Infinite values:         0
  CRITICAL CORRUPTION:     no

Data-quality report: TSLA
  Rows:                    132,366
  Range:                   2025-01-24 00:00:00+00:00 -> 2025-08-14 23:59:00+00:00
  Timezone:                UTC
  Inferred bar interval:   60.0s
  Duplicate timestamps:    0
  Out-of-order timestamps: 0
  Missing bars (total):    159954 (1731 gap(s))
    Expected (session closed):    158004
    Unexpected (inside session):  1950
  Invalid prices (<=0):    0
  Invalid OHLC relations:  0
  Negative volume:         0
  NaN values:              0
  Infinite values:         0
  CRITICAL CORRUPTION:     no

Data-quality report: TXN
  Rows:                    59,867
  Range:                   2025-01-24 00:01:00+00:00 -> 2025-08-14 23:35:00+00:00
  Timezone:                UTC
  Inferred bar interval:   60.0s
  Duplicate timestamps:    0
  Out-of-order timestamps: 0
  Missing bars (total):    232428 (3342 gap(s))
    Expected (session closed):    230278
    Unexpected (inside session):  2150
  Invalid prices (<=0):    0
  Invalid OHLC relations:  0
  Negative volume:         0
  NaN values:              0
  Infinite values:         0
  CRITICAL CORRUPTION:     no

Data-quality report: VRTX
  Rows:                    50,969
  Range:                   2025-01-24 14:30:00+00:00 -> 2025-08-14 20:32:00+00:00
  Timezone:                UTC
  Inferred bar interval:   60.0s
  Duplicate timestamps:    0
  Out-of-order timestamps: 0
  Missing bars (total):    240274 (5027 gap(s))
    Expected (session closed):    233308
    Unexpected (inside session):  6966
  Invalid prices (<=0):    0
  Invalid OHLC relations:  0
  Negative volume:         0
  NaN values:              0
  Infinite values:         0
  CRITICAL CORRUPTION:     no

======================================================================
BACKTEST RESULT
======================================================================
Backtest Summary
----------------

Period:               2025-01-24 00:00:00+00:00 -> 2025-08-14 23:59:00+00:00
Symbols:              AAPL, ADBE, ADI, AMAT, AMD, AMZN, AVGO, BKNG, CMCSA, COST, CSCO, GILD, GOOGL, HON, INTC, INTU, ISRG, KLAC, LRCX, MDLZ, META, MSFT, MU, NFLX, NVDA, PANW, PEP, PYPL, QCOM, REGN, SBUX, STX, TSLA, TXN, VRTX
Bars processed:       2,565,682
Signals generated:    7647
Signals published:    1
Trades executed:      1
Throttle fidelity:    LIMITED (flushed once per 1-minute bar-close, not continuously every throttle_window_seconds)

Execution assumptions
----------------------
Entry slippage:       0.0 bps
Exit slippage:        0.0 bps
Spread:               0.0 bps
Same-bar resolution:  STOP_FIRST
EOD flatten:          ENABLED

*** COST-FREE BASELINE ***
Slippage: 0 bps   Spread: 0 bps
These results do NOT represent realistic execution costs -- do not call this
"realistic performance" or "live expected return". Use --cost-sensitivity for
a range of non-zero cost assumptions.

Timezone
--------
Input timezone:       UTC
Internal timezone:    UTC
Session timezone:     America/New_York

Reproducibility
----------------
git_commit:           4b0e5dfa2415afe1dbf423c63c9cc479264106fa
backtester_version:   0.1.0
strategy_version:     2ae6216bca70
config_hash:          32a7c5b4732e
dataset_hash:         ad82c9bb459d
run_timestamp:        2026-09-03T01:11:57.185740+00:00

Portfolio disclaimer
---------------------
This backtest evaluates TRADE-LEVEL strategy performance (R-multiples per signal). It does NOT model starting capital, position sizing, maximum portfolio exposure, concurrent-position limits, or buying power. Aggregate R/expectancy figures here describe the strategy's per-trade edge, not a realistic portfolio-level return.

*** SMALL SAMPLE (1 trade) ***
Sharpe, Sortino, and confidence intervals below are NOT statistically reliable at this
trade count (normal-approximation/CLT assumptions need roughly 30+ observations) -- treat
them as illustrative only. Win rate/profit factor/expectancy are exact arithmetic over what
occurred, but may not represent the strategy's true long-run behavior at this sample size.

--- GROSS (before costs)
Return series:        gross_R
Total trades:         1
Winning / Losing:     1 / 0 (breakeven 0)
Win rate:             1.0000
Average win (R):      5.9907
Average loss (R):     n/a
Average R:            5.9907
Median R:             5.9907
Total R:              5.9907
Profit factor:        inf
Expectancy (R/trade): 5.9907
Max drawdown (R):     0.0000
Avg holding time:     349.0000 min
Median holding time:  349.0000 min
Best trade (R):       5.9907
Worst trade (R):      5.9907
Average MFE (R):      5.9907
Average MAE (R):      -0.4960
  Winners -- avg MFE: 5.9907   avg MAE: -0.4960
  Losers  -- avg MFE: n/a   avg MAE: n/a
Sharpe (per-trade):   n/a
Sortino (per-trade):  n/a

--- NET (after slippage/spread)
Return series:        net_R
Total trades:         1
Winning / Losing:     1 / 0 (breakeven 0)
Win rate:             1.0000
Average win (R):      5.9907
Average loss (R):     n/a
Average R:            5.9907
Median R:             5.9907
Total R:              5.9907
Profit factor:        inf
Expectancy (R/trade): 5.9907
Max drawdown (R):     0.0000
Avg holding time:     349.0000 min
Median holding time:  349.0000 min
Best trade (R):       5.9907
Worst trade (R):      5.9907
Average MFE (R):      5.9907
Average MAE (R):      -0.4960
  Winners -- avg MFE: 5.9907   avg MAE: -0.4960
  Losers  -- avg MFE: n/a   avg MAE: n/a
Sharpe (per-trade):   n/a
Sortino (per-trade):  n/a

Report files written:
  trades_csv           results\task93_alpha_foundation\baseline_segmentA\baseline_trades.csv
  trades_json          results\task93_alpha_foundation\baseline_segmentA\baseline_trades.json
  summary_json         results\task93_alpha_foundation\baseline_segmentA\baseline_summary.json
  summary_txt          results\task93_alpha_foundation\baseline_segmentA\baseline_summary.txt
  equity_curve_csv     results\task93_alpha_foundation\baseline_segmentA\baseline_equity_curve.csv
  rejected_signals_csv results\task93_alpha_foundation\baseline_segmentA\baseline_rejected_signals.csv
  data_quality_json    results\task93_alpha_foundation\baseline_segmentA\baseline_data_quality.json
  results_html         results\task93_alpha_foundation\baseline_segmentA\baseline_results.html

Open results\task93_alpha_foundation\baseline_segmentA\baseline_results.html in a browser to view the full report.

Research telemetry written (Task 10, observational only):
  volatility_telemetry results\task93_alpha_foundation\baseline_segmentA\baseline_research_volatility_telemetry.csv (2,561,517 rows)
  candidate_telemetry  results\task93_alpha_foundation\baseline_segmentA\baseline_research_candidate_telemetry.csv (7,647 rows)
