[verify2wk] run_id=verify-2wk-run loaded 212,549 bars, 35 symbols, 2025-01-24 00:00:00+00:00 .. 2025-02-07 23:59:00+00:00
[verify2wk] progress 6274/212549 (3.0%) +30.1s
[verify2wk] progress 9371/212549 (4.4%) +30.1s
[verify2wk] progress 11542/212549 (5.4%) +30.3s
[verify2wk] progress 14021/212549 (6.6%) +30.3s
[verify2wk] progress 16681/212549 (7.8%) +30.1s
[verify2wk] progress 19131/212549 (9.0%) +30.2s
[verify2wk] progress 21280/212549 (10.0%) +30.1s
[verify2wk] progress 23415/212549 (11.0%) +30.2s
[verify2wk] progress 25589/212549 (12.0%) +30.3s
[verify2wk] progress 27739/212549 (13.1%) +30.4s
[verify2wk] progress 29913/212549 (14.1%) +30.3s
[verify2wk] progress 32057/212549 (15.1%) +30.3s
[verify2wk] progress 34237/212549 (16.1%) +30.1s
[verify2wk] progress 36368/212549 (17.1%) +30.1s
[verify2wk] progress 38587/212549 (18.2%) +30.0s
[verify2wk] progress 40836/212549 (19.2%) +30.1s
[verify2wk] progress 43029/212549 (20.2%) +30.3s
[verify2wk] progress 45094/212549 (21.2%) +30.1s
[verify2wk] progress 47210/212549 (22.2%) +30.1s
[verify2wk] progress 49391/212549 (23.2%) +30.4s
[verify2wk] progress 51646/212549 (24.3%) +30.1s
[verify2wk] progress 53981/212549 (25.4%) +30.3s
[verify2wk] progress 56246/212549 (26.5%) +30.1s
[verify2wk] progress 58574/212549 (27.6%) +30.0s
[verify2wk] progress 60805/212549 (28.6%) +30.0s
[verify2wk] progress 62900/212549 (29.6%) +30.2s
[verify2wk] progress 64981/212549 (30.6%) +30.1s
[verify2wk] progress 67147/212549 (31.6%) +30.1s
[verify2wk] progress 69382/212549 (32.6%) +30.3s
[verify2wk] progress 71575/212549 (33.7%) +30.2s
[verify2wk] progress 73619/212549 (34.6%) +30.0s
[verify2wk] progress 75633/212549 (35.6%) +30.2s
[verify2wk] progress 77674/212549 (36.5%) +30.1s
[verify2wk] progress 79846/212549 (37.6%) +30.1s
[verify2wk] progress 81958/212549 (38.6%) +30.2s
[verify2wk] progress 83940/212549 (39.5%) +30.3s
[verify2wk] progress 86000/212549 (40.5%) +30.3s
[verify2wk] progress 88120/212549 (41.5%) +30.1s
[verify2wk] progress 90376/212549 (42.5%) +30.3s
[verify2wk] progress 92617/212549 (43.6%) +30.1s
[verify2wk] progress 94801/212549 (44.6%) +30.1s
[verify2wk] progress 96871/212549 (45.6%) +30.1s
[verify2wk] progress 99088/212549 (46.6%) +30.0s
[verify2wk] progress 101301/212549 (47.7%) +30.4s
[verify2wk] progress 103146/212549 (48.5%) +30.4s
[verify2wk] progress 105214/212549 (49.5%) +30.1s
[verify2wk] progress 107375/212549 (50.5%) +30.2s
[verify2wk] progress 109586/212549 (51.6%) +30.4s
[verify2wk] progress 111552/212549 (52.5%) +30.4s
[verify2wk] progress 113563/212549 (53.4%) +30.3s
[verify2wk] progress 115689/212549 (54.4%) +30.1s
[verify2wk] progress 117905/212549 (55.5%) +30.1s
[verify2wk] progress 119978/212549 (56.4%) +30.1s
[verify2wk] progress 121977/212549 (57.4%) +30.5s
[verify2wk] progress 123862/212549 (58.3%) +30.5s
[verify2wk] progress 125802/212549 (59.2%) +30.3s
[verify2wk] progress 127797/212549 (60.1%) +30.1s
[verify2wk] progress 129785/212549 (61.1%) +30.2s
[verify2wk] progress 131977/212549 (62.1%) +30.1s
[verify2wk] progress 134171/212549 (63.1%) +30.2s
[verify2wk] progress 136334/212549 (64.1%) +30.0s
[verify2wk] progress 138553/212549 (65.2%) +30.1s
[verify2wk] progress 140579/212549 (66.1%) +30.2s
[verify2wk] progress 142464/212549 (67.0%) +30.3s
[verify2wk] progress 144451/212549 (68.0%) +30.3s
[verify2wk] progress 146569/212549 (69.0%) +30.2s
[verify2wk] progress 148717/212549 (70.0%) +30.4s
[verify2wk] progress 150898/212549 (71.0%) +30.2s
[verify2wk] progress 153120/212549 (72.0%) +30.4s
[verify2wk] progress 155142/212549 (73.0%) +30.1s
[verify2wk] progress 157265/212549 (74.0%) +30.1s
[verify2wk] progress 159430/212549 (75.0%) +30.2s
[verify2wk] progress 161286/212549 (75.9%) +30.1s
[verify2wk] progress 163108/212549 (76.7%) +30.2s
[verify2wk] progress 165142/212549 (77.7%) +30.2s
[verify2wk] progress 167279/212549 (78.7%) +30.1s
[verify2wk] progress 169442/212549 (79.7%) +30.0s
[verify2wk] progress 171643/212549 (80.8%) +30.1s
[verify2wk] progress 173799/212549 (81.8%) +30.2s
[verify2wk] progress 175927/212549 (82.8%) +30.1s
[verify2wk] progress 178153/212549 (83.8%) +30.1s
[verify2wk] progress 180121/212549 (84.7%) +30.5s
[verify2wk] progress 181929/212549 (85.6%) +30.1s
[verify2wk] progress 183921/212549 (86.5%) +30.2s
[verify2wk] progress 185999/212549 (87.5%) +30.1s
[verify2wk] progress 188208/212549 (88.5%) +30.1s
[verify2wk] progress 190440/212549 (89.6%) +30.4s
[verify2wk] progress 192655/212549 (90.6%) +30.2s
[verify2wk] progress 194762/212549 (91.6%) +30.1s
[verify2wk] progress 197010/212549 (92.7%) +30.0s
[verify2wk] progress 198918/212549 (93.6%) +30.5s
[verify2wk] progress 200749/212549 (94.4%) +30.4s
[verify2wk] progress 202536/212549 (95.3%) +30.1s
[verify2wk] progress 204473/212549 (96.2%) +30.1s
[verify2wk] progress 206642/212549 (97.2%) +30.2s
[verify2wk] progress 208935/212549 (98.3%) +30.3s
[verify2wk] progress 211173/212549 (99.4%) +30.0s
[verify2wk] progress 212549/212549 (100.0%) +17.8s
[verify2wk] backtest elapsed: 2946.6s
[verify2wk] n_closed=9 win_rate=0.1111111111111111 pf=0.2800546211548049 net_pnl=-104.30 equity=99889.53
[verify2wk] wrote C:\workspace\TalonX-task118-profitability\results\task121b_reliable_replay\verify2wk_summary.json
TOTAL wall time (backtest + summary): 2966.7s
funnel: {'published_signal_actions': {'BEARISH_PUBLISHED_WHILE_OPEN_NO_ACTION_TAKEN': 3, 'OPENED': 10, 'SKIPPED_POSITION_ALREADY_OPEN': 1}, 'published_signal_directions': {'bearish': 3, 'bullish': 11}, 'n_published_signal_events': 14, 'true_exit_reason_counts': {'stop_loss': 8, 'target_exit': 1}, 'signals_generated': 4053, 'signals_published_engine_count': 155, 'rejections_by_reason': {'LOW_VOLATILITY': 114082, 'LOW_CONFLUENCE': 2590, 'LOW_RISK_REWARD': 230, 'OPENING_BLACKOUT': 311, 'CLOSING_BLACKOUT': 121, 'US_MARKET_SESSION_CLOSED': 434, 'PREMARKET_LIQUIDITY': 70, 'HTF_DATA_UNAVAILABLE': 47, 'NO_ACTIVE_POSITION': 141, 'COOLDOWN': 78, 'TREND_GATE': 11, 'THROTTLE': 4}}
DONE
