[segmentA_full] run_id=segmentA-full-2025-01-24_2025-08-14 loaded 2,565,682 bars, 35 symbols, 2025-01-24 00:00:00+00:00 .. 2025-08-14 23:59:00+00:00
[segmentA_full] progress 8024/2565682 (0.3%) +61.1s
[segmentA_full] progress 13183/2565682 (0.5%) +60.3s
[segmentA_full] progress 18417/2565682 (0.7%) +60.1s
[segmentA_full] progress 22679/2565682 (0.9%) +60.1s
[segmentA_full] progress 26919/2565682 (1.0%) +60.1s
[segmentA_full] progress 31135/2565682 (1.2%) +60.0s
[segmentA_full] progress 35463/2565682 (1.4%) +60.0s
[segmentA_full] progress 39791/2565682 (1.6%) +60.0s
[segmentA_full] progress 44057/2565682 (1.7%) +60.4s
[segmentA_full] progress 48213/2565682 (1.9%) +60.0s
[segmentA_full] progress 52658/2565682 (2.1%) +60.4s
[segmentA_full] progress 57112/2565682 (2.2%) +60.1s
[segmentA_full] progress 61531/2565682 (2.4%) +60.2s
[segmentA_full] progress 65687/2565682 (2.6%) +60.0s
[segmentA_full] progress 70044/2565682 (2.7%) +60.2s
[segmentA_full] progress 74241/2565682 (2.9%) +60.4s
[segmentA_full] progress 78207/2565682 (3.0%) +60.0s
[segmentA_full] progress 82397/2565682 (3.2%) +60.2s
[segmentA_full] progress 86404/2565682 (3.4%) +60.5s
[segmentA_full] progress 90682/2565682 (3.5%) +60.1s
[segmentA_full] progress 95011/2565682 (3.7%) +60.0s
[segmentA_full] progress 99182/2565682 (3.9%) +60.0s
[segmentA_full] progress 103249/2565682 (4.0%) +60.1s
[segmentA_full] progress 107375/2565682 (4.2%) +60.4s
[segmentA_full] progress 111484/2565682 (4.3%) +60.0s
[segmentA_full] progress 115489/2565682 (4.5%) +60.1s
[segmentA_full] progress 119684/2565682 (4.7%) +60.2s
[segmentA_full] progress 123453/2565682 (4.8%) +60.3s
[segmentA_full] progress 127291/2565682 (5.0%) +60.3s
[segmentA_full] progress 131374/2565682 (5.1%) +60.4s
[segmentA_full] progress 135629/2565682 (5.3%) +60.0s
[segmentA_full] progress 139868/2565682 (5.5%) +60.1s
[segmentA_full] progress 143630/2565682 (5.6%) +60.0s
[segmentA_full] progress 147784/2565682 (5.8%) +60.2s
[segmentA_full] progress 152154/2565682 (5.9%) +60.4s
[segmentA_full] progress 156281/2565682 (6.1%) +60.1s
[segmentA_full] progress 160457/2565682 (6.3%) +60.6s
[segmentA_full] progress 164124/2565682 (6.4%) +60.3s
[segmentA_full] progress 168318/2565682 (6.6%) +60.3s
[segmentA_full] progress 172629/2565682 (6.7%) +60.2s
[segmentA_full] progress 176842/2565682 (6.9%) +60.0s
[segmentA_full] progress 180804/2565682 (7.0%) +60.4s
[segmentA_full] progress 184658/2565682 (7.2%) +60.3s
[segmentA_full] progress 188938/2565682 (7.4%) +60.0s
[segmentA_full] progress 193202/2565682 (7.5%) +60.2s
[segmentA_full] progress 197543/2565682 (7.7%) +60.2s
[segmentA_full] progress 200986/2565682 (7.8%) +60.1s
[segmentA_full] progress 204733/2565682 (8.0%) +60.3s
[segmentA_full] progress 209071/2565682 (8.1%) +60.2s
[segmentA_full] progress 213447/2565682 (8.3%) +60.0s
[segmentA_full] progress 217464/2565682 (8.5%) +60.1s
[segmentA_full] progress 221331/2565682 (8.6%) +60.1s
[segmentA_full] progress 225732/2565682 (8.8%) +60.3s
[segmentA_full] progress 230150/2565682 (9.0%) +60.1s
[segmentA_full] progress 234370/2565682 (9.1%) +60.3s
[segmentA_full] progress 238303/2565682 (9.3%) +60.1s
[segmentA_full] progress 242585/2565682 (9.5%) +60.3s
[segmentA_full] progress 246882/2565682 (9.6%) +60.1s
[segmentA_full] progress 251073/2565682 (9.8%) +60.1s
[segmentA_full] progress 254696/2565682 (9.9%) +60.4s
[segmentA_full] progress 258843/2565682 (10.1%) +60.2s
[segmentA_full] progress 263160/2565682 (10.3%) +60.4s
[segmentA_full] progress 267543/2565682 (10.4%) +60.0s
[segmentA_full] progress 271536/2565682 (10.6%) +60.3s
[segmentA_full] progress 275620/2565682 (10.7%) +60.4s
[segmentA_full] progress 279895/2565682 (10.9%) +60.2s
[segmentA_full] progress 284211/2565682 (11.1%) +60.1s
[segmentA_full] progress 288513/2565682 (11.2%) +60.1s
[segmentA_full] progress 292286/2565682 (11.4%) +60.2s
[segmentA_full] progress 296532/2565682 (11.6%) +60.3s
[segmentA_full] progress 300790/2565682 (11.7%) +60.1s
[segmentA_full] progress 305131/2565682 (11.9%) +60.1s
[segmentA_full] progress 309012/2565682 (12.0%) +60.2s
[segmentA_full] progress 313266/2565682 (12.2%) +60.0s
[segmentA_full] progress 317592/2565682 (12.4%) +60.4s
[segmentA_full] progress 321941/2565682 (12.5%) +60.0s
[segmentA_full] progress 326037/2565682 (12.7%) +60.5s
[segmentA_full] progress 330052/2565682 (12.9%) +60.1s
[segmentA_full] progress 334293/2565682 (13.0%) +60.1s
[segmentA_full] progress 338529/2565682 (13.2%) +60.0s
[segmentA_full] progress 342854/2565682 (13.4%) +60.0s
[segmentA_full] progress 346574/2565682 (13.5%) +60.3s
[segmentA_full] progress 350803/2565682 (13.7%) +60.0s
[segmentA_full] progress 355525/2565682 (13.9%) +60.0s
[segmentA_full] progress 359989/2565682 (14.0%) +60.1s
[segmentA_full] progress 363744/2565682 (14.2%) +60.2s
[segmentA_full] progress 367967/2565682 (14.3%) +60.3s
[segmentA_full] progress 371985/2565682 (14.5%) +60.4s
[segmentA_full] progress 376195/2565682 (14.7%) +60.1s
[segmentA_full] progress 380117/2565682 (14.8%) +60.2s
[segmentA_full] progress 383736/2565682 (15.0%) +60.4s
[segmentA_full] progress 387980/2565682 (15.1%) +60.2s
[segmentA_full] progress 392219/2565682 (15.3%) +60.4s
[segmentA_full] progress 396431/2565682 (15.5%) +60.1s
[segmentA_full] progress 400247/2565682 (15.6%) +60.4s
[segmentA_full] progress 403923/2565682 (15.7%) +60.0s
[segmentA_full] progress 407963/2565682 (15.9%) +60.3s
[segmentA_full] progress 411787/2565682 (16.0%) +60.0s
[segmentA_full] progress 416005/2565682 (16.2%) +60.6s
[segmentA_full] progress 419569/2565682 (16.4%) +60.1s
[segmentA_full] progress 423545/2565682 (16.5%) +60.1s
[segmentA_full] progress 427611/2565682 (16.7%) +60.1s
[segmentA_full] progress 431519/2565682 (16.8%) +60.0s
[segmentA_full] progress 435611/2565682 (17.0%) +60.5s
[segmentA_full] progress 439240/2565682 (17.1%) +60.0s
[segmentA_full] progress 443686/2565682 (17.3%) +60.2s
[segmentA_full] progress 447435/2565682 (17.4%) +60.5s
[segmentA_full] progress 451899/2565682 (17.6%) +60.2s
[segmentA_full] progress 455466/2565682 (17.8%) +60.2s
[segmentA_full] progress 459422/2565682 (17.9%) +60.1s
[segmentA_full] progress 463161/2565682 (18.1%) +60.1s
[segmentA_full] progress 467333/2565682 (18.2%) +60.0s
[segmentA_full] progress 471561/2565682 (18.4%) +60.6s
[segmentA_full] progress 475337/2565682 (18.5%) +60.2s
[segmentA_full] progress 479265/2565682 (18.7%) +60.0s
[segmentA_full] progress 483004/2565682 (18.8%) +60.5s
[segmentA_full] progress 486859/2565682 (19.0%) +60.1s
[segmentA_full] progress 490561/2565682 (19.1%) +60.2s
[segmentA_full] progress 494052/2565682 (19.3%) +60.0s
[segmentA_full] progress 497586/2565682 (19.4%) +60.1s
[segmentA_full] progress 501265/2565682 (19.5%) +60.4s
[segmentA_full] progress 505181/2565682 (19.7%) +60.1s
[segmentA_full] progress 509407/2565682 (19.9%) +60.0s
[segmentA_full] progress 513166/2565682 (20.0%) +60.1s
[segmentA_full] progress 516926/2565682 (20.1%) +60.1s
[segmentA_full] progress 520944/2565682 (20.3%) +60.1s
[segmentA_full] progress 525164/2565682 (20.5%) +60.1s
[segmentA_full] progress 529063/2565682 (20.6%) +60.4s
[segmentA_full] progress 532906/2565682 (20.8%) +60.0s
[segmentA_full] progress 536860/2565682 (20.9%) +60.3s
[segmentA_full] progress 540695/2565682 (21.1%) +60.0s
[segmentA_full] progress 544956/2565682 (21.2%) +60.2s
[segmentA_full] progress 548649/2565682 (21.4%) +60.1s
[segmentA_full] progress 552295/2565682 (21.5%) +60.0s
[segmentA_full] progress 556103/2565682 (21.7%) +60.2s
[segmentA_full] progress 559857/2565682 (21.8%) +60.1s
[segmentA_full] progress 563828/2565682 (22.0%) +60.2s
[segmentA_full] progress 567346/2565682 (22.1%) +60.6s
[segmentA_full] progress 570846/2565682 (22.2%) +60.1s
[segmentA_full] progress 574474/2565682 (22.4%) +60.5s
[segmentA_full] progress 578006/2565682 (22.5%) +60.1s
[segmentA_full] progress 581865/2565682 (22.7%) +60.1s
[segmentA_full] progress 585510/2565682 (22.8%) +60.0s
[segmentA_full] progress 588606/2565682 (22.9%) +60.6s
[segmentA_full] progress 590534/2565682 (23.0%) +60.0s
[segmentA_full] progress 591350/2565682 (23.0%) +60.8s
[segmentA_full] progress 592240/2565682 (23.1%) +61.6s
[segmentA_full] progress 593085/2565682 (23.1%) +62.1s
[segmentA_full] progress 593914/2565682 (23.1%) +62.6s
[segmentA_full] progress 594704/2565682 (23.2%) +61.5s
[segmentA_full] progress 595503/2565682 (23.2%) +62.2s
[segmentA_full] progress 596297/2565682 (23.2%) +62.0s
[segmentA_full] progress 597096/2565682 (23.3%) +61.9s
[segmentA_full] progress 597868/2565682 (23.3%) +60.3s
[segmentA_full] progress 598821/2565682 (23.3%) +60.3s
[segmentA_full] progress 599783/2565682 (23.4%) +60.4s
[segmentA_full] progress 600775/2565682 (23.4%) +60.1s
[segmentA_full] progress 601683/2565682 (23.5%) +60.0s
[segmentA_full] progress 602508/2565682 (23.5%) +60.1s
[segmentA_full] progress 603319/2565682 (23.5%) +60.4s
[segmentA_full] progress 604119/2565682 (23.5%) +60.6s
[segmentA_full] progress 604975/2565682 (23.6%) +62.3s
[segmentA_full] progress 605799/2565682 (23.6%) +60.9s
[segmentA_full] progress 606656/2565682 (23.6%) +62.1s
[segmentA_full] progress 607500/2565682 (23.7%) +61.1s
[segmentA_full] progress 608345/2565682 (23.7%) +60.8s
[segmentA_full] progress 609223/2565682 (23.7%) +60.6s
[segmentA_full] progress 610096/2565682 (23.8%) +61.7s
[segmentA_full] progress 610964/2565682 (23.8%) +61.9s
[segmentA_full] progress 611869/2565682 (23.8%) +62.0s
[segmentA_full] progress 612722/2565682 (23.9%) +60.2s
[segmentA_full] progress 613656/2565682 (23.9%) +61.7s
[segmentA_full] progress 614573/2565682 (24.0%) +61.5s
[segmentA_full] progress 615429/2565682 (24.0%) +60.1s
[segmentA_full] progress 616265/2565682 (24.0%) +60.7s
[segmentA_full] progress 617215/2565682 (24.1%) +60.3s
[segmentA_full] progress 618185/2565682 (24.1%) +60.4s
[segmentA_full] progress 619019/2565682 (24.1%) +60.1s
[segmentA_full] progress 619949/2565682 (24.2%) +60.0s
[segmentA_full] progress 620829/2565682 (24.2%) +60.7s
[segmentA_full] progress 621703/2565682 (24.2%) +62.2s
[segmentA_full] progress 622558/2565682 (24.3%) +61.6s
[segmentA_full] progress 623383/2565682 (24.3%) +61.4s
[segmentA_full] progress 624207/2565682 (24.3%) +60.7s
[segmentA_full] progress 625061/2565682 (24.4%) +62.1s
[segmentA_full] progress 625913/2565682 (24.4%) +60.0s
[segmentA_full] progress 626753/2565682 (24.4%) +60.9s
[segmentA_full] progress 627631/2565682 (24.5%) +61.6s
[segmentA_full] progress 628466/2565682 (24.5%) +60.6s
[segmentA_full] progress 629303/2565682 (24.5%) +61.3s
[segmentA_full] progress 630176/2565682 (24.6%) +61.7s
[segmentA_full] progress 631083/2565682 (24.6%) +62.5s
[segmentA_full] progress 631958/2565682 (24.6%) +61.3s
[segmentA_full] progress 633384/2565682 (24.7%) +60.5s
[segmentA_full] progress 634243/2565682 (24.7%) +61.3s
[segmentA_full] progress 635053/2565682 (24.8%) +60.6s
[segmentA_full] progress 636048/2565682 (24.8%) +60.2s
[segmentA_full] progress 637074/2565682 (24.8%) +60.1s
[segmentA_full] progress 638103/2565682 (24.9%) +60.3s
[segmentA_full] progress 639038/2565682 (24.9%) +60.7s
[segmentA_full] progress 640938/2565682 (25.0%) +60.2s
[segmentA_full] progress 644724/2565682 (25.1%) +60.3s
[segmentA_full] progress 649165/2565682 (25.3%) +60.4s
[segmentA_full] progress 653736/2565682 (25.5%) +60.1s
[segmentA_full] progress 658268/2565682 (25.7%) +60.5s
[segmentA_full] progress 662285/2565682 (25.8%) +60.5s
[segmentA_full] progress 666856/2565682 (26.0%) +60.3s
[segmentA_full] progress 671311/2565682 (26.2%) +60.1s
[segmentA_full] progress 675806/2565682 (26.3%) +60.2s
[segmentA_full] progress 679718/2565682 (26.5%) +60.2s
[segmentA_full] progress 684067/2565682 (26.7%) +60.1s
[segmentA_full] progress 688528/2565682 (26.8%) +60.3s
[segmentA_full] progress 693007/2565682 (27.0%) +60.5s
[segmentA_full] progress 697071/2565682 (27.2%) +60.2s
[segmentA_full] progress 701623/2565682 (27.3%) +60.1s
[segmentA_full] progress 705496/2565682 (27.5%) +60.1s
[segmentA_full] progress 709421/2565682 (27.7%) +60.0s
[segmentA_full] progress 713069/2565682 (27.8%) +60.1s
[segmentA_full] progress 717003/2565682 (27.9%) +60.4s
[segmentA_full] progress 721119/2565682 (28.1%) +60.3s
[segmentA_full] progress 725259/2565682 (28.3%) +60.1s
[segmentA_full] progress 729256/2565682 (28.4%) +60.3s
[segmentA_full] progress 732994/2565682 (28.6%) +60.2s
[segmentA_full] progress 737132/2565682 (28.7%) +60.3s
[segmentA_full] progress 741409/2565682 (28.9%) +60.1s
[segmentA_full] progress 745653/2565682 (29.1%) +60.1s
[segmentA_full] progress 749414/2565682 (29.2%) +60.5s
[segmentA_full] progress 753666/2565682 (29.4%) +60.2s
[segmentA_full] progress 758085/2565682 (29.5%) +60.3s
[segmentA_full] progress 762421/2565682 (29.7%) +60.0s
[segmentA_full] progress 766344/2565682 (29.9%) +60.5s
[segmentA_full] progress 770561/2565682 (30.0%) +60.2s
[segmentA_full] progress 775058/2565682 (30.2%) +60.3s
[segmentA_full] progress 779519/2565682 (30.4%) +60.1s
[segmentA_full] progress 783512/2565682 (30.5%) +60.3s
[segmentA_full] progress 787536/2565682 (30.7%) +60.2s
[segmentA_full] progress 791675/2565682 (30.9%) +60.1s
[segmentA_full] progress 795951/2565682 (31.0%) +60.2s
[segmentA_full] progress 799874/2565682 (31.2%) +60.2s
[segmentA_full] progress 803562/2565682 (31.3%) +60.0s
[segmentA_full] progress 807644/2565682 (31.5%) +60.2s
[segmentA_full] progress 811934/2565682 (31.6%) +60.4s
[segmentA_full] progress 816418/2565682 (31.8%) +60.0s
[segmentA_full] progress 820090/2565682 (32.0%) +60.0s
[segmentA_full] progress 824156/2565682 (32.1%) +60.2s
[segmentA_full] progress 828398/2565682 (32.3%) +60.1s
[segmentA_full] progress 832491/2565682 (32.4%) +60.1s
[segmentA_full] progress 836316/2565682 (32.6%) +60.5s
[segmentA_full] progress 839912/2565682 (32.7%) +60.4s
[segmentA_full] progress 843854/2565682 (32.9%) +60.2s
[segmentA_full] progress 847804/2565682 (33.0%) +60.5s
[segmentA_full] progress 851719/2565682 (33.2%) +60.0s
[segmentA_full] progress 855323/2565682 (33.3%) +60.0s
[segmentA_full] progress 859165/2565682 (33.5%) +60.3s
[segmentA_full] progress 863235/2565682 (33.6%) +60.4s
[segmentA_full] progress 867373/2565682 (33.8%) +60.0s
[segmentA_full] progress 871364/2565682 (34.0%) +60.0s
[segmentA_full] progress 875208/2565682 (34.1%) +60.5s
[segmentA_full] progress 879239/2565682 (34.3%) +60.5s
[segmentA_full] progress 883191/2565682 (34.4%) +60.0s
[segmentA_full] progress 886703/2565682 (34.6%) +60.1s
[segmentA_full] progress 890438/2565682 (34.7%) +60.3s
[segmentA_full] progress 893929/2565682 (34.8%) +60.3s
[segmentA_full] progress 897415/2565682 (35.0%) +60.2s
[segmentA_full] progress 900245/2565682 (35.1%) +60.3s
[segmentA_full] progress 903102/2565682 (35.2%) +60.3s
[segmentA_full] progress 906249/2565682 (35.3%) +60.0s
[segmentA_full] progress 909539/2565682 (35.5%) +60.2s
[segmentA_full] progress 912969/2565682 (35.6%) +60.3s
[segmentA_full] progress 916401/2565682 (35.7%) +60.1s
[segmentA_full] progress 919751/2565682 (35.8%) +60.1s
[segmentA_full] progress 923119/2565682 (36.0%) +60.2s
[segmentA_full] progress 926530/2565682 (36.1%) +60.1s
[segmentA_full] progress 930319/2565682 (36.3%) +60.0s
[segmentA_full] progress 933787/2565682 (36.4%) +60.4s
[segmentA_full] progress 937264/2565682 (36.5%) +60.4s
[segmentA_full] progress 940712/2565682 (36.7%) +60.5s
[segmentA_full] progress 944119/2565682 (36.8%) +60.3s
[segmentA_full] progress 947499/2565682 (36.9%) +60.0s
[segmentA_full] progress 951331/2565682 (37.1%) +60.1s
[segmentA_full] progress 954794/2565682 (37.2%) +60.5s
[segmentA_full] progress 958276/2565682 (37.3%) +60.2s
[segmentA_full] progress 961680/2565682 (37.5%) +60.3s
[segmentA_full] progress 965057/2565682 (37.6%) +60.1s
[segmentA_full] progress 968357/2565682 (37.7%) +60.0s
[segmentA_full] progress 971829/2565682 (37.9%) +60.1s
[segmentA_full] progress 975264/2565682 (38.0%) +60.3s
[segmentA_full] progress 978745/2565682 (38.1%) +60.3s
[segmentA_full] progress 982196/2565682 (38.3%) +60.3s
[segmentA_full] progress 985568/2565682 (38.4%) +60.4s
[segmentA_full] progress 989055/2565682 (38.5%) +60.1s
[segmentA_full] progress 992741/2565682 (38.7%) +60.1s
[segmentA_full] progress 996264/2565682 (38.8%) +60.1s
[segmentA_full] progress 999710/2565682 (39.0%) +60.3s
[segmentA_full] progress 1003073/2565682 (39.1%) +60.0s
[segmentA_full] progress 1006442/2565682 (39.2%) +60.3s
[segmentA_full] progress 1010081/2565682 (39.4%) +60.1s
[segmentA_full] progress 1013609/2565682 (39.5%) +60.2s
[segmentA_full] progress 1017032/2565682 (39.6%) +60.1s
[segmentA_full] progress 1020441/2565682 (39.8%) +60.3s
[segmentA_full] progress 1023835/2565682 (39.9%) +60.2s
[segmentA_full] progress 1027371/2565682 (40.0%) +60.1s
[segmentA_full] progress 1031423/2565682 (40.2%) +60.2s
[segmentA_full] progress 1035007/2565682 (40.3%) +60.4s
[segmentA_full] progress 1038514/2565682 (40.5%) +60.3s
[segmentA_full] progress 1042224/2565682 (40.6%) +60.5s
[segmentA_full] progress 1045939/2565682 (40.8%) +60.1s
[segmentA_full] progress 1049919/2565682 (40.9%) +60.1s
[segmentA_full] progress 1053527/2565682 (41.1%) +60.3s
[segmentA_full] progress 1057164/2565682 (41.2%) +60.1s
[segmentA_full] progress 1060979/2565682 (41.4%) +60.5s
[segmentA_full] progress 1065094/2565682 (41.5%) +60.1s
[segmentA_full] progress 1069030/2565682 (41.7%) +60.2s
[segmentA_full] progress 1072641/2565682 (41.8%) +60.4s
[segmentA_full] progress 1076409/2565682 (42.0%) +60.1s
[segmentA_full] progress 1080070/2565682 (42.1%) +60.5s
[segmentA_full] progress 1083583/2565682 (42.2%) +60.0s
[segmentA_full] progress 1087524/2565682 (42.4%) +60.5s
[segmentA_full] progress 1091344/2565682 (42.5%) +60.0s
[segmentA_full] progress 1095303/2565682 (42.7%) +60.1s
[segmentA_full] progress 1099451/2565682 (42.9%) +60.1s
[segmentA_full] progress 1103823/2565682 (43.0%) +60.0s
[segmentA_full] progress 1107821/2565682 (43.2%) +60.2s
[segmentA_full] progress 1112061/2565682 (43.3%) +60.3s
[segmentA_full] progress 1116456/2565682 (43.5%) +60.1s
[segmentA_full] progress 1120890/2565682 (43.7%) +60.0s
[segmentA_full] progress 1125138/2565682 (43.9%) +60.4s
[segmentA_full] progress 1129328/2565682 (44.0%) +60.1s
[segmentA_full] progress 1133436/2565682 (44.2%) +60.3s
[segmentA_full] progress 1137658/2565682 (44.3%) +60.1s
[segmentA_full] progress 1141964/2565682 (44.5%) +60.1s
[segmentA_full] progress 1145896/2565682 (44.7%) +60.4s
[segmentA_full] progress 1149733/2565682 (44.8%) +60.1s
[segmentA_full] progress 1153370/2565682 (45.0%) +60.0s
[segmentA_full] progress 1156966/2565682 (45.1%) +60.0s
[segmentA_full] progress 1160882/2565682 (45.2%) +60.2s
[segmentA_full] progress 1164421/2565682 (45.4%) +60.1s
[segmentA_full] progress 1168166/2565682 (45.5%) +60.2s
[segmentA_full] progress 1172085/2565682 (45.7%) +60.4s
[segmentA_full] progress 1176035/2565682 (45.8%) +60.1s
[segmentA_full] progress 1180080/2565682 (46.0%) +60.0s
[segmentA_full] progress 1183609/2565682 (46.1%) +60.5s
[segmentA_full] progress 1187470/2565682 (46.3%) +60.4s
[segmentA_full] progress 1191425/2565682 (46.4%) +60.4s
[segmentA_full] progress 1195500/2565682 (46.6%) +60.0s
[segmentA_full] progress 1199624/2565682 (46.8%) +60.1s
[segmentA_full] progress 1203200/2565682 (46.9%) +60.1s
[segmentA_full] progress 1207206/2565682 (47.1%) +60.2s
[segmentA_full] progress 1211490/2565682 (47.2%) +60.2s
[segmentA_full] progress 1215716/2565682 (47.4%) +60.0s
[segmentA_full] progress 1219340/2565682 (47.5%) +60.3s
[segmentA_full] progress 1223256/2565682 (47.7%) +60.4s
[segmentA_full] progress 1227344/2565682 (47.8%) +60.2s
[segmentA_full] progress 1231404/2565682 (48.0%) +60.1s
[segmentA_full] progress 1235379/2565682 (48.2%) +60.4s
[segmentA_full] progress 1238949/2565682 (48.3%) +60.3s
[segmentA_full] progress 1242779/2565682 (48.4%) +60.1s
[segmentA_full] progress 1246759/2565682 (48.6%) +60.2s
[segmentA_full] progress 1250718/2565682 (48.7%) +60.2s
[segmentA_full] progress 1254833/2565682 (48.9%) +60.1s
[segmentA_full] progress 1258369/2565682 (49.0%) +60.1s
[segmentA_full] progress 1262138/2565682 (49.2%) +60.5s
[segmentA_full] progress 1266265/2565682 (49.4%) +60.4s
[segmentA_full] progress 1270343/2565682 (49.5%) +60.1s
[segmentA_full] progress 1274416/2565682 (49.7%) +60.2s
[segmentA_full] progress 1277973/2565682 (49.8%) +60.3s
[segmentA_full] progress 1281841/2565682 (50.0%) +60.0s
[segmentA_full] progress 1286113/2565682 (50.1%) +60.0s
[segmentA_full] progress 1290450/2565682 (50.3%) +60.1s
[segmentA_full] progress 1294395/2565682 (50.5%) +60.2s
[segmentA_full] progress 1298383/2565682 (50.6%) +60.3s
[segmentA_full] progress 1302849/2565682 (50.8%) +60.2s
[segmentA_full] progress 1307202/2565682 (50.9%) +60.0s
[segmentA_full] progress 1311404/2565682 (51.1%) +60.5s
[segmentA_full] progress 1315316/2565682 (51.3%) +60.2s
[segmentA_full] progress 1319376/2565682 (51.4%) +60.0s
[segmentA_full] progress 1323656/2565682 (51.6%) +60.1s
[segmentA_full] progress 1327672/2565682 (51.7%) +60.1s
[segmentA_full] progress 1331459/2565682 (51.9%) +60.5s
[segmentA_full] progress 1335431/2565682 (52.0%) +60.4s
[segmentA_full] progress 1339380/2565682 (52.2%) +60.1s
[segmentA_full] progress 1343073/2565682 (52.3%) +60.1s
[segmentA_full] progress 1347337/2565682 (52.5%) +60.2s
[segmentA_full] progress 1350917/2565682 (52.7%) +60.4s
[segmentA_full] progress 1354776/2565682 (52.8%) +60.1s
[segmentA_full] progress 1359139/2565682 (53.0%) +60.1s
[segmentA_full] progress 1363404/2565682 (53.1%) +60.0s
[segmentA_full] progress 1367200/2565682 (53.3%) +60.4s
[segmentA_full] progress 1371195/2565682 (53.4%) +60.4s
[segmentA_full] progress 1375547/2565682 (53.6%) +60.2s
[segmentA_full] progress 1379994/2565682 (53.8%) +60.0s
[segmentA_full] progress 1384124/2565682 (53.9%) +60.0s
[segmentA_full] progress 1387710/2565682 (54.1%) +60.2s
[segmentA_full] progress 1391693/2565682 (54.2%) +60.1s
[segmentA_full] progress 1396011/2565682 (54.4%) +60.5s
[segmentA_full] progress 1400292/2565682 (54.6%) +60.1s
[segmentA_full] progress 1404196/2565682 (54.7%) +60.3s
[segmentA_full] progress 1407936/2565682 (54.9%) +60.2s
[segmentA_full] progress 1412170/2565682 (55.0%) +60.3s
[segmentA_full] progress 1416451/2565682 (55.2%) +60.1s
[segmentA_full] progress 1420755/2565682 (55.4%) +60.1s
[segmentA_full] progress 1424430/2565682 (55.5%) +60.1s
[segmentA_full] progress 1428573/2565682 (55.7%) +60.1s
[segmentA_full] progress 1432922/2565682 (55.8%) +60.1s
[segmentA_full] progress 1437124/2565682 (56.0%) +60.1s
[segmentA_full] progress 1441137/2565682 (56.2%) +60.0s
[segmentA_full] progress 1444976/2565682 (56.3%) +60.3s
[segmentA_full] progress 1449271/2565682 (56.5%) +60.2s
[segmentA_full] progress 1453533/2565682 (56.7%) +60.4s
[segmentA_full] progress 1457789/2565682 (56.8%) +60.2s
[segmentA_full] progress 1461525/2565682 (57.0%) +60.3s
[segmentA_full] progress 1465756/2565682 (57.1%) +60.0s
[segmentA_full] progress 1470188/2565682 (57.3%) +60.1s
[segmentA_full] progress 1474623/2565682 (57.5%) +60.0s
[segmentA_full] progress 1478563/2565682 (57.6%) +60.2s
[segmentA_full] progress 1482494/2565682 (57.8%) +60.2s
[segmentA_full] progress 1486926/2565682 (58.0%) +60.1s
[segmentA_full] progress 1491415/2565682 (58.1%) +60.1s
[segmentA_full] progress 1495733/2565682 (58.3%) +60.1s
[segmentA_full] progress 1499741/2565682 (58.5%) +60.1s
[segmentA_full] progress 1504185/2565682 (58.6%) +60.2s
[segmentA_full] progress 1508536/2565682 (58.8%) +60.0s
[segmentA_full] progress 1512864/2565682 (59.0%) +60.0s
[segmentA_full] progress 1516712/2565682 (59.1%) +60.1s
[segmentA_full] progress 1520860/2565682 (59.3%) +60.1s
[segmentA_full] progress 1524628/2565682 (59.4%) +60.1s
[segmentA_full] progress 1528719/2565682 (59.6%) +60.1s
[segmentA_full] progress 1532574/2565682 (59.7%) +60.5s
[segmentA_full] progress 1536463/2565682 (59.9%) +60.1s
[segmentA_full] progress 1540695/2565682 (60.1%) +60.2s
[segmentA_full] progress 1545044/2565682 (60.2%) +60.0s
[segmentA_full] progress 1549066/2565682 (60.4%) +60.1s
[segmentA_full] progress 1552725/2565682 (60.5%) +60.4s
[segmentA_full] progress 1556892/2565682 (60.7%) +60.1s
[segmentA_full] progress 1561252/2565682 (60.9%) +60.4s
[segmentA_full] progress 1565584/2565682 (61.0%) +60.0s
[segmentA_full] progress 1569436/2565682 (61.2%) +60.4s
[segmentA_full] progress 1573777/2565682 (61.3%) +60.2s
[segmentA_full] progress 1578184/2565682 (61.5%) +60.3s
[segmentA_full] progress 1582302/2565682 (61.7%) +60.0s
[segmentA_full] progress 1586066/2565682 (61.8%) +60.0s
[segmentA_full] progress 1590257/2565682 (62.0%) +60.3s
[segmentA_full] progress 1594683/2565682 (62.2%) +60.4s
[segmentA_full] progress 1598798/2565682 (62.3%) +60.1s
[segmentA_full] progress 1602833/2565682 (62.5%) +60.1s
[segmentA_full] progress 1606665/2565682 (62.6%) +60.5s
[segmentA_full] progress 1610888/2565682 (62.8%) +60.2s
[segmentA_full] progress 1615191/2565682 (63.0%) +60.3s
[segmentA_full] progress 1619541/2565682 (63.1%) +60.1s
[segmentA_full] progress 1623196/2565682 (63.3%) +60.3s
[segmentA_full] progress 1627276/2565682 (63.4%) +60.4s
[segmentA_full] progress 1631344/2565682 (63.6%) +60.1s
[segmentA_full] progress 1635525/2565682 (63.7%) +60.1s
[segmentA_full] progress 1639540/2565682 (63.9%) +60.5s
[segmentA_full] progress 1643476/2565682 (64.1%) +60.4s
[segmentA_full] progress 1647921/2565682 (64.2%) +60.4s
[segmentA_full] progress 1652377/2565682 (64.4%) +60.1s
[segmentA_full] progress 1656577/2565682 (64.6%) +60.1s
[segmentA_full] progress 1660598/2565682 (64.7%) +60.3s
[segmentA_full] progress 1664957/2565682 (64.9%) +60.4s
[segmentA_full] progress 1669266/2565682 (65.1%) +60.1s
[segmentA_full] progress 1673631/2565682 (65.2%) +60.3s
[segmentA_full] progress 1677580/2565682 (65.4%) +60.1s
[segmentA_full] progress 1682007/2565682 (65.6%) +60.3s
[segmentA_full] progress 1686359/2565682 (65.7%) +60.0s
[segmentA_full] progress 1690792/2565682 (65.9%) +60.4s
[segmentA_full] progress 1694525/2565682 (66.0%) +60.4s
[segmentA_full] progress 1698743/2565682 (66.2%) +60.4s
[segmentA_full] progress 1702930/2565682 (66.4%) +60.3s
[segmentA_full] progress 1706777/2565682 (66.5%) +60.0s
[segmentA_full] progress 1710709/2565682 (66.7%) +60.4s
[segmentA_full] progress 1714849/2565682 (66.8%) +60.3s
[segmentA_full] progress 1719260/2565682 (67.0%) +60.4s
[segmentA_full] progress 1723686/2565682 (67.2%) +60.0s
[segmentA_full] progress 1727660/2565682 (67.3%) +60.2s
[segmentA_full] progress 1731101/2565682 (67.5%) +60.3s
[segmentA_full] progress 1735375/2565682 (67.6%) +60.1s
[segmentA_full] progress 1739856/2565682 (67.8%) +60.1s
[segmentA_full] progress 1744232/2565682 (68.0%) +60.0s
[segmentA_full] progress 1747962/2565682 (68.1%) +60.5s
[segmentA_full] progress 1752098/2565682 (68.3%) +60.3s
[segmentA_full] progress 1756466/2565682 (68.5%) +60.4s
[segmentA_full] progress 1760843/2565682 (68.6%) +60.0s
[segmentA_full] progress 1764611/2565682 (68.8%) +60.2s
[segmentA_full] progress 1768737/2565682 (68.9%) +60.1s
[segmentA_full] progress 1772900/2565682 (69.1%) +60.3s
[segmentA_full] progress 1776995/2565682 (69.3%) +60.0s
[segmentA_full] progress 1781249/2565682 (69.4%) +60.0s
[segmentA_full] progress 1785164/2565682 (69.6%) +60.3s
[segmentA_full] progress 1789501/2565682 (69.7%) +60.4s
[segmentA_full] progress 1793876/2565682 (69.9%) +60.2s
[segmentA_full] progress 1798157/2565682 (70.1%) +60.1s
[segmentA_full] progress 1801863/2565682 (70.2%) +60.2s
[segmentA_full] progress 1806022/2565682 (70.4%) +60.4s
[segmentA_full] progress 1810276/2565682 (70.6%) +60.5s
[segmentA_full] progress 1814508/2565682 (70.7%) +60.1s
[segmentA_full] progress 1818468/2565682 (70.9%) +60.3s
[segmentA_full] progress 1822503/2565682 (71.0%) +60.3s
[segmentA_full] progress 1826842/2565682 (71.2%) +60.3s
[segmentA_full] progress 1831208/2565682 (71.4%) +60.1s
[segmentA_full] progress 1835510/2565682 (71.5%) +60.1s
[segmentA_full] progress 1839478/2565682 (71.7%) +60.4s
[segmentA_full] progress 1843825/2565682 (71.9%) +60.3s
[segmentA_full] progress 1848119/2565682 (72.0%) +60.0s
[segmentA_full] progress 1852587/2565682 (72.2%) +60.4s
[segmentA_full] progress 1856490/2565682 (72.4%) +60.1s
[segmentA_full] progress 1860913/2565682 (72.5%) +60.3s
[segmentA_full] progress 1864912/2565682 (72.7%) +60.2s
[segmentA_full] progress 1869318/2565682 (72.9%) +60.1s
[segmentA_full] progress 1873106/2565682 (73.0%) +60.5s
[segmentA_full] progress 1877170/2565682 (73.2%) +60.0s
[segmentA_full] progress 1881601/2565682 (73.3%) +60.0s
[segmentA_full] progress 1885937/2565682 (73.5%) +60.0s
[segmentA_full] progress 1889991/2565682 (73.7%) +60.3s
[segmentA_full] progress 1894084/2565682 (73.8%) +60.4s
[segmentA_full] progress 1898060/2565682 (74.0%) +60.0s
[segmentA_full] progress 1902491/2565682 (74.2%) +60.1s
[segmentA_full] progress 1906928/2565682 (74.3%) +60.0s
[segmentA_full] progress 1910825/2565682 (74.5%) +60.0s
[segmentA_full] progress 1915201/2565682 (74.6%) +60.4s
[segmentA_full] progress 1919721/2565682 (74.8%) +60.4s
[segmentA_full] progress 1924250/2565682 (75.0%) +60.0s
[segmentA_full] progress 1928217/2565682 (75.2%) +60.3s
[segmentA_full] progress 1932523/2565682 (75.3%) +60.1s
[segmentA_full] progress 1936944/2565682 (75.5%) +60.4s
[segmentA_full] progress 1941344/2565682 (75.7%) +60.1s
[segmentA_full] progress 1945244/2565682 (75.8%) +60.0s
[segmentA_full] progress 1949488/2565682 (76.0%) +60.2s
[segmentA_full] progress 1953795/2565682 (76.2%) +60.3s
[segmentA_full] progress 1958269/2565682 (76.3%) +60.0s
[segmentA_full] progress 1962505/2565682 (76.5%) +60.4s
[segmentA_full] progress 1966671/2565682 (76.7%) +60.3s
[segmentA_full] progress 1971087/2565682 (76.8%) +60.1s
[segmentA_full] progress 1975327/2565682 (77.0%) +60.1s
[segmentA_full] progress 1979698/2565682 (77.2%) +60.4s
[segmentA_full] progress 1983732/2565682 (77.3%) +60.4s
[segmentA_full] progress 1988097/2565682 (77.5%) +60.1s
[segmentA_full] progress 1992570/2565682 (77.7%) +60.1s
[segmentA_full] progress 1996987/2565682 (77.8%) +60.1s
[segmentA_full] progress 2000744/2565682 (78.0%) +60.2s
[segmentA_full] progress 2004779/2565682 (78.1%) +60.2s
[segmentA_full] progress 2009232/2565682 (78.3%) +60.2s
[segmentA_full] progress 2013712/2565682 (78.5%) +60.0s
[segmentA_full] progress 2017549/2565682 (78.6%) +60.3s
[segmentA_full] progress 2021726/2565682 (78.8%) +60.1s
[segmentA_full] progress 2026086/2565682 (79.0%) +60.1s
[segmentA_full] progress 2030577/2565682 (79.1%) +60.0s
[segmentA_full] progress 2034559/2565682 (79.3%) +60.3s
[segmentA_full] progress 2038985/2565682 (79.5%) +60.4s
[segmentA_full] progress 2043472/2565682 (79.6%) +60.1s
[segmentA_full] progress 2047376/2565682 (79.8%) +60.1s
[segmentA_full] progress 2051671/2565682 (80.0%) +60.0s
[segmentA_full] progress 2055914/2565682 (80.1%) +60.3s
[segmentA_full] progress 2060337/2565682 (80.3%) +60.0s
[segmentA_full] progress 2064154/2565682 (80.5%) +60.4s
[segmentA_full] progress 2068271/2565682 (80.6%) +60.3s
[segmentA_full] progress 2072686/2565682 (80.8%) +60.5s
[segmentA_full] progress 2077502/2565682 (81.0%) +60.0s
[segmentA_full] progress 2081393/2565682 (81.1%) +60.3s
[segmentA_full] progress 2085607/2565682 (81.3%) +60.3s
[segmentA_full] progress 2090099/2565682 (81.5%) +60.1s
[segmentA_full] progress 2094659/2565682 (81.6%) +60.0s
[segmentA_full] progress 2098312/2565682 (81.8%) +60.6s
[segmentA_full] progress 2102223/2565682 (81.9%) +60.2s
[segmentA_full] progress 2106615/2565682 (82.1%) +60.4s
[segmentA_full] progress 2111073/2565682 (82.3%) +60.0s
[segmentA_full] progress 2115256/2565682 (82.4%) +60.4s
[segmentA_full] progress 2119411/2565682 (82.6%) +60.4s
[segmentA_full] progress 2123858/2565682 (82.8%) +60.2s
[segmentA_full] progress 2128310/2565682 (83.0%) +60.0s
[segmentA_full] progress 2132399/2565682 (83.1%) +60.4s
[segmentA_full] progress 2136512/2565682 (83.3%) +60.4s
[segmentA_full] progress 2140966/2565682 (83.4%) +60.0s
[segmentA_full] progress 2145479/2565682 (83.6%) +60.2s
[segmentA_full] progress 2149622/2565682 (83.8%) +60.1s
[segmentA_full] progress 2153668/2565682 (83.9%) +60.2s
[segmentA_full] progress 2158136/2565682 (84.1%) +60.4s
[segmentA_full] progress 2162549/2565682 (84.3%) +60.1s
[segmentA_full] progress 2166813/2565682 (84.5%) +60.3s
[segmentA_full] progress 2170562/2565682 (84.6%) +60.1s
[segmentA_full] progress 2174683/2565682 (84.8%) +60.3s
[segmentA_full] progress 2179038/2565682 (84.9%) +60.3s
[segmentA_full] progress 2183463/2565682 (85.1%) +60.1s
[segmentA_full] progress 2187311/2565682 (85.3%) +60.4s
[segmentA_full] progress 2191611/2565682 (85.4%) +60.1s
[segmentA_full] progress 2196113/2565682 (85.6%) +60.1s
[segmentA_full] progress 2200594/2565682 (85.8%) +60.1s
[segmentA_full] progress 2204453/2565682 (85.9%) +60.4s
[segmentA_full] progress 2208837/2565682 (86.1%) +60.3s
[segmentA_full] progress 2213342/2565682 (86.3%) +60.0s
[segmentA_full] progress 2217845/2565682 (86.4%) +60.2s
[segmentA_full] progress 2221783/2565682 (86.6%) +60.5s
[segmentA_full] progress 2226150/2565682 (86.8%) +60.2s
[segmentA_full] progress 2230645/2565682 (86.9%) +60.2s
[segmentA_full] progress 2235088/2565682 (87.1%) +60.0s
[segmentA_full] progress 2238881/2565682 (87.3%) +60.1s
[segmentA_full] progress 2243143/2565682 (87.4%) +60.1s
[segmentA_full] progress 2247595/2565682 (87.6%) +60.4s
[segmentA_full] progress 2251943/2565682 (87.8%) +60.0s
[segmentA_full] progress 2255978/2565682 (87.9%) +60.5s
[segmentA_full] progress 2260031/2565682 (88.1%) +60.1s
[segmentA_full] progress 2264443/2565682 (88.3%) +60.3s
[segmentA_full] progress 2268736/2565682 (88.4%) +60.0s
[segmentA_full] progress 2273096/2565682 (88.6%) +60.0s
[segmentA_full] progress 2276937/2565682 (88.7%) +60.5s
[segmentA_full] progress 2281212/2565682 (88.9%) +60.1s
[segmentA_full] progress 2285756/2565682 (89.1%) +60.4s
[segmentA_full] progress 2289992/2565682 (89.3%) +60.1s
[segmentA_full] progress 2293941/2565682 (89.4%) +60.4s
[segmentA_full] progress 2298387/2565682 (89.6%) +60.0s
[segmentA_full] progress 2302861/2565682 (89.8%) +60.4s
[segmentA_full] progress 2307411/2565682 (89.9%) +60.1s
[segmentA_full] progress 2311375/2565682 (90.1%) +60.2s
[segmentA_full] progress 2315810/2565682 (90.3%) +60.4s
[segmentA_full] progress 2320387/2565682 (90.4%) +60.3s
[segmentA_full] progress 2324917/2565682 (90.6%) +60.0s
[segmentA_full] progress 2328853/2565682 (90.8%) +60.0s
[segmentA_full] progress 2332949/2565682 (90.9%) +60.2s
[segmentA_full] progress 2337376/2565682 (91.1%) +60.4s
[segmentA_full] progress 2341684/2565682 (91.3%) +60.0s
[segmentA_full] progress 2345847/2565682 (91.4%) +60.3s
[segmentA_full] progress 2349961/2565682 (91.6%) +60.4s
[segmentA_full] progress 2354285/2565682 (91.8%) +60.2s
[segmentA_full] progress 2358193/2565682 (91.9%) +60.0s
[segmentA_full] progress 2362259/2565682 (92.1%) +60.0s
[segmentA_full] progress 2366341/2565682 (92.2%) +60.2s
[segmentA_full] progress 2369916/2565682 (92.4%) +60.1s
[segmentA_full] progress 2374004/2565682 (92.5%) +60.2s
[segmentA_full] progress 2377901/2565682 (92.7%) +60.0s
[segmentA_full] progress 2381897/2565682 (92.8%) +60.1s
[segmentA_full] progress 2385875/2565682 (93.0%) +60.1s
[segmentA_full] progress 2389482/2565682 (93.1%) +60.5s
[segmentA_full] progress 2393335/2565682 (93.3%) +60.0s
[segmentA_full] progress 2397429/2565682 (93.4%) +60.3s
[segmentA_full] progress 2401656/2565682 (93.6%) +60.0s
[segmentA_full] progress 2405732/2565682 (93.8%) +60.1s
[segmentA_full] progress 2409627/2565682 (93.9%) +60.1s
[segmentA_full] progress 2413959/2565682 (94.1%) +60.1s
[segmentA_full] progress 2418429/2565682 (94.3%) +60.1s
[segmentA_full] progress 2422845/2565682 (94.4%) +60.0s
[segmentA_full] progress 2426505/2565682 (94.6%) +60.2s
[segmentA_full] progress 2430649/2565682 (94.7%) +60.3s
[segmentA_full] progress 2435103/2565682 (94.9%) +60.2s
[segmentA_full] progress 2439312/2565682 (95.1%) +60.0s
[segmentA_full] progress 2443136/2565682 (95.2%) +60.3s
[segmentA_full] progress 2447200/2565682 (95.4%) +60.4s
[segmentA_full] progress 2451564/2565682 (95.6%) +60.4s
[segmentA_full] progress 2455789/2565682 (95.7%) +60.1s
[segmentA_full] progress 2460042/2565682 (95.9%) +60.1s
[segmentA_full] progress 2463718/2565682 (96.0%) +60.1s
[segmentA_full] progress 2467808/2565682 (96.2%) +60.2s
[segmentA_full] progress 2472079/2565682 (96.4%) +60.4s
[segmentA_full] progress 2476517/2565682 (96.5%) +60.0s
[segmentA_full] progress 2480432/2565682 (96.7%) +60.4s
[segmentA_full] progress 2484488/2565682 (96.8%) +60.1s
[segmentA_full] progress 2488911/2565682 (97.0%) +60.4s
[segmentA_full] progress 2493405/2565682 (97.2%) +60.1s
[segmentA_full] progress 2497394/2565682 (97.3%) +60.3s
[segmentA_full] progress 2501323/2565682 (97.5%) +60.4s
[segmentA_full] progress 2505680/2565682 (97.7%) +60.4s
[segmentA_full] progress 2510085/2565682 (97.8%) +60.0s
[segmentA_full] progress 2514331/2565682 (98.0%) +60.3s
[segmentA_full] progress 2518079/2565682 (98.1%) +60.3s
[segmentA_full] progress 2522433/2565682 (98.3%) +60.3s
[segmentA_full] progress 2526913/2565682 (98.5%) +60.1s
[segmentA_full] progress 2531442/2565682 (98.7%) +60.1s
[segmentA_full] progress 2535263/2565682 (98.8%) +60.5s
[segmentA_full] progress 2539430/2565682 (99.0%) +60.2s
[segmentA_full] progress 2543796/2565682 (99.1%) +60.1s
[segmentA_full] progress 2548239/2565682 (99.3%) +60.0s
[segmentA_full] progress 2552029/2565682 (99.5%) +60.0s
[segmentA_full] progress 2556155/2565682 (99.6%) +60.3s
[segmentA_full] progress 2560633/2565682 (99.8%) +60.2s
[segmentA_full] progress 2564904/2565682 (100.0%) +60.0s
[segmentA_full] progress 2565682/2565682 (100.0%) +10.9s
[segmentA_full] backtest elapsed: 40633.7s
[segmentA_full] n_closed=227 win_rate=0.19383259911894274 pf=0.7641148210269451 net_pnl=-896.44 equity=99155.10
[segmentA_full] wrote C:\workspace\TalonX-task118-profitability\results\task121b_reliable_replay\segmentA_full_summary.json
TOTAL wall time: 40815.1s
DONE
