{"slice": "2026_q3_f6_era", "symbol": "AAPL", "rows": 53558}
{"slice": "2026_q3_f6_era", "symbol": "MSFT", "rows": 56850}
{"slice": "2026_q3_f6_era", "symbol": "NVDA", "rows": 59497}
{"slice": "2026_q3_f6_era", "symbol": "AMZN", "rows": 49290}
{"slice": "2026_q3_f6_era", "symbol": "META", "rows": 50556}
{"slice": "2026_q3_f6_era", "symbol": "AMD", "rows": 51297}
{"slice": "2026_q3_f6_era", "symbol": "TSLA", "rows": 58805}
{"slice": "2026_q3_f6_era", "symbol": "GOOGL", "rows": 55222}
{"slice": "2026_q3_f6_era", "symbol": "PYPL", "rows": 33936}
{"slice": "2026_q3_f6_era", "symbol": "STX", "rows": 37367}
{"slice": "2026_q3_f6_era", "symbol": "ADBE", "rows": 36885}
{"slice": "2026_q3_f6_era", "symbol": "ADI", "rows": 28053}
{"slice": "2026_q3_f6_era", "symbol": "AMAT", "rows": 41534}
{"slice": "2026_q3_f6_era", "symbol": "AVGO", "rows": 51872}
{"slice": "2026_q3_f6_era", "symbol": "BKNG", "rows": 31823}
{"slice": "2026_q3_f6_era", "symbol": "CMCSA", "rows": 31058}
{"slice": "2026_q3_f6_era", "symbol": "COST", "rows": 28177}
{"slice": "2026_q3_f6_era", "symbol": "CSCO", "rows": 32806}
{"slice": "2026_q3_f6_era", "symbol": "GILD", "rows": 25684}
{"slice": "2026_q3_f6_era", "symbol": "HON", "rows": 25955}
{"slice": "2026_q3_f6_era", "symbol": "INTC", "rows": 59971}
{"slice": "2026_q3_f6_era", "symbol": "INTU", "rows": 33077}
{"slice": "2026_q3_f6_era", "symbol": "ISRG", "rows": 27999}
{"slice": "2026_q3_f6_era", "symbol": "KLAC", "rows": 44097}
{"slice": "2026_q3_f6_era", "symbol": "LRCX", "rows": 33543}
{"slice": "2026_q3_f6_era", "symbol": "MDLZ", "rows": 25482}
{"slice": "2026_q3_f6_era", "symbol": "MU", "rows": 60324}
{"slice": "2026_q3_f6_era", "symbol": "NFLX", "rows": 49231}
{"slice": "2026_q3_f6_era", "symbol": "PANW", "rows": 29968}
{"slice": "2026_q3_f6_era", "symbol": "PEP", "rows": 28119}
{"slice": "2026_q3_f6_era", "symbol": "QCOM", "rows": 41115}
{"slice": "2026_q3_f6_era", "symbol": "REGN", "rows": 24113}
{"slice": "2026_q3_f6_era", "symbol": "SBUX", "rows": 26566}
{"slice": "2026_q3_f6_era", "symbol": "TXN", "rows": 27519}
{"slice": "2026_q3_f6_era", "symbol": "VRTX", "rows": 25036}
{"slice": "2026_q3_f6_era", "symbol": "SPY", "rows": 56893}
{"slice": "2025_q1_orpb_era", "symbol": "AAPL", "rows": 21711}
{"slice": "2025_q1_orpb_era", "symbol": "MSFT", "rows": 18806}
{"slice": "2025_q1_orpb_era", "symbol": "NVDA", "rows": 27810}
{"slice": "2025_q1_orpb_era", "symbol": "AMZN", "rows": 23112}
{"slice": "2025_q1_orpb_era", "symbol": "META", "rows": 18467}
{"slice": "2025_q1_orpb_era", "symbol": "AMD", "rows": 23865}
{"slice": "2025_q1_orpb_era", "symbol": "TSLA", "rows": 27421}
{"slice": "2025_q1_orpb_era", "symbol": "GOOGL", "rows": 21650}
{"slice": "2025_q1_orpb_era", "symbol": "PYPL", "rows": 16764}
{"slice": "2025_q1_orpb_era", "symbol": "STX", "rows": 11436}
{"slice": "2025_q1_orpb_era", "symbol": "ADBE", "rows": 12435}
{"slice": "2025_q1_orpb_era", "symbol": "ADI", "rows": 11805}
{"slice": "2025_q1_orpb_era", "symbol": "AMAT", "rows": 13186}
{"slice": "2025_q1_orpb_era", "symbol": "AVGO", "rows": 20984}
{"slice": "2025_q1_orpb_era", "symbol": "BKNG", "rows": 5187}
{"slice": "2025_q1_orpb_era", "symbol": "CMCSA", "rows": 12993}
{"slice": "2025_q1_orpb_era", "symbol": "COST", "rows": 11708}
{"slice": "2025_q1_orpb_era", "symbol": "CSCO", "rows": 13879}
{"slice": "2025_q1_orpb_era", "symbol": "GILD", "rows": 12327}
{"slice": "2025_q1_orpb_era", "symbol": "HON", "rows": 12011}
{"slice": "2025_q1_orpb_era", "symbol": "INTC", "rows": 25991}
{"slice": "2025_q1_orpb_era", "symbol": "INTU", "rows": 11279}
{"slice": "2025_q1_orpb_era", "symbol": "ISRG", "rows": 10977}
{"slice": "2025_q1_orpb_era", "symbol": "KLAC", "rows": 9537}
{"slice": "2025_q1_orpb_era", "symbol": "LRCX", "rows": 13571}
{"slice": "2025_q1_orpb_era", "symbol": "MDLZ", "rows": 12241}
{"slice": "2025_q1_orpb_era", "symbol": "MU", "rows": 18744}
{"slice": "2025_q1_orpb_era", "symbol": "NFLX", "rows": 12923}
{"slice": "2025_q1_orpb_era", "symbol": "PANW", "rows": 13240}
{"slice": "2025_q1_orpb_era", "symbol": "PEP", "rows": 12930}
{"slice": "2025_q1_orpb_era", "symbol": "QCOM", "rows": 14161}
{"slice": "2025_q1_orpb_era", "symbol": "REGN", "rows": 9292}
{"slice": "2025_q1_orpb_era", "symbol": "SBUX", "rows": 13051}
{"slice": "2025_q1_orpb_era", "symbol": "TXN", "rows": 11922}
{"slice": "2025_q1_orpb_era", "symbol": "VRTX", "rows": 10696}
{"slice": "2025_q1_orpb_era", "symbol": "SPY", "rows": 23764}
{"slice": "2025_q3_fprc_era", "symbol": "AAPL", "rows": 22090}
{"slice": "2025_q3_fprc_era", "symbol": "MSFT", "rows": 15246}
{"slice": "2025_q3_fprc_era", "symbol": "NVDA", "rows": 26568}
{"slice": "2025_q3_fprc_era", "symbol": "AMZN", "rows": 20842}
{"slice": "2025_q3_fprc_era", "symbol": "META", "rows": 15663}
{"slice": "2025_q3_fprc_era", "symbol": "AMD", "rows": 23645}
{"slice": "2025_q3_fprc_era", "symbol": "TSLA", "rows": 26468}
{"slice": "2025_q3_fprc_era", "symbol": "GOOGL", "rows": 20531}
{"slice": "2025_q3_fprc_era", "symbol": "PYPL", "rows": 13292}
{"slice": "2025_q3_fprc_era", "symbol": "STX", "rows": 11176}
{"slice": "2025_q3_fprc_era", "symbol": "ADBE", "rows": 12032}
{"slice": "2025_q3_fprc_era", "symbol": "ADI", "rows": 10823}
{"slice": "2025_q3_fprc_era", "symbol": "AMAT", "rows": 11931}
{"slice": "2025_q3_fprc_era", "symbol": "AVGO", "rows": 17979}
{"slice": "2025_q3_fprc_era", "symbol": "BKNG", "rows": 3183}
{"slice": "2025_q3_fprc_era", "symbol": "CMCSA", "rows": 11642}
{"slice": "2025_q3_fprc_era", "symbol": "COST", "rows": 10894}
{"slice": "2025_q3_fprc_era", "symbol": "CSCO", "rows": 12686}
{"slice": "2025_q3_fprc_era", "symbol": "GILD", "rows": 11363}
{"slice": "2025_q3_fprc_era", "symbol": "HON", "rows": 10778}
{"slice": "2025_q3_fprc_era", "symbol": "INTC", "rows": 22684}
{"slice": "2025_q3_fprc_era", "symbol": "INTU", "rows": 9819}
{"slice": "2025_q3_fprc_era", "symbol": "ISRG", "rows": 10004}
{"slice": "2025_q3_fprc_era", "symbol": "KLAC", "rows": 8872}
{"slice": "2025_q3_fprc_era", "symbol": "LRCX", "rows": 11924}
{"slice": "2025_q3_fprc_era", "symbol": "MDLZ", "rows": 11023}
{"slice": "2025_q3_fprc_era", "symbol": "MU", "rows": 19011}
{"slice": "2025_q3_fprc_era", "symbol": "NFLX", "rows": 11645}
{"slice": "2025_q3_fprc_era", "symbol": "PANW", "rows": 11839}
{"slice": "2025_q3_fprc_era", "symbol": "PEP", "rows": 12597}
{"slice": "2025_q3_fprc_era", "symbol": "QCOM", "rows": 12436}
{"slice": "2025_q3_fprc_era", "symbol": "REGN", "rows": 9269}
{"slice": "2025_q3_fprc_era", "symbol": "SBUX", "rows": 12033}
{"slice": "2025_q3_fprc_era", "symbol": "TXN", "rows": 11169}
{"slice": "2025_q3_fprc_era", "symbol": "VRTX", "rows": 9488}
{"slice": "2025_q3_fprc_era", "symbol": "SPY", "rows": 23554}
{"slice": "2025_q4_task46_56_era", "symbol": "AAPL", "rows": 20759}
{"slice": "2025_q4_task46_56_era", "symbol": "MSFT", "rows": 22116}
{"slice": "2025_q4_task46_56_era", "symbol": "NVDA", "rows": 27546}
{"slice": "2025_q4_task46_56_era", "symbol": "AMZN", "rows": 23108}
{"slice": "2025_q4_task46_56_era", "symbol": "META", "rows": 23902}
{"slice": "2025_q4_task46_56_era", "symbol": "AMD", "rows": 24351}
{"slice": "2025_q4_task46_56_era", "symbol": "TSLA", "rows": 27238}
{"slice": "2025_q4_task46_56_era", "symbol": "GOOGL", "rows": 22899}
{"slice": "2025_q4_task46_56_era", "symbol": "PYPL", "rows": 18064}
{"slice": "2025_q4_task46_56_era", "symbol": "STX", "rows": 13071}
{"slice": "2025_q4_task46_56_era", "symbol": "ADBE", "rows": 13694}
{"slice": "2025_q4_task46_56_era", "symbol": "ADI", "rows": 11401}
{"slice": "2025_q4_task46_56_era", "symbol": "AMAT", "rows": 12796}
{"slice": "2025_q4_task46_56_era", "symbol": "AVGO", "rows": 21762}
{"slice": "2025_q4_task46_56_era", "symbol": "BKNG", "rows": 10409}
{"slice": "2025_q4_task46_56_era", "symbol": "CMCSA", "rows": 13724}
{"slice": "2025_q4_task46_56_era", "symbol": "COST", "rows": 12712}
{"slice": "2025_q4_task46_56_era", "symbol": "CSCO", "rows": 14077}
{"slice": "2025_q4_task46_56_era", "symbol": "GILD", "rows": 11779}
{"slice": "2025_q4_task46_56_era", "symbol": "HON", "rows": 11610}
{"slice": "2025_q4_task46_56_era", "symbol": "INTC", "rows": 25056}
{"slice": "2025_q4_task46_56_era", "symbol": "INTU", "rows": 11433}
{"slice": "2025_q4_task46_56_era", "symbol": "ISRG", "rows": 11683}
{"slice": "2025_q4_task46_56_era", "symbol": "KLAC", "rows": 10725}
{"slice": "2025_q4_task46_56_era", "symbol": "LRCX", "rows": 12970}
{"slice": "2025_q4_task46_56_era", "symbol": "MDLZ", "rows": 11846}
{"slice": "2025_q4_task46_56_era", "symbol": "MU", "rows": 22344}
{"slice": "2025_q4_task46_56_era", "symbol": "NFLX", "rows": 22815}
{"slice": "2025_q4_task46_56_era", "symbol": "PANW", "rows": 12740}
{"slice": "2025_q4_task46_56_era", "symbol": "PEP", "rows": 12053}
{"slice": "2025_q4_task46_56_era", "symbol": "QCOM", "rows": 14799}
{"slice": "2025_q4_task46_56_era", "symbol": "REGN", "rows": 11197}
{"slice": "2025_q4_task46_56_era", "symbol": "SBUX", "rows": 13253}
{"slice": "2025_q4_task46_56_era", "symbol": "TXN", "rows": 12040}
{"slice": "2025_q4_task46_56_era", "symbol": "VRTX", "rows": 11023}
{"slice": "2025_q4_task46_56_era", "symbol": "SPY", "rows": 26115}
{
 "dataset_aggregate_sha256": "41f53eae82bc003a68bdd698e58d1cff3f83bcbcf917f8fff76173b8c7248d18",
 "slices": {
  "2026_q3_f6_era": "ec4930b6a6520604591f6037c5b50712a5b03f88ac1de2e2807c2393f51acd97",
  "2025_q1_orpb_era": "76983f2d9dc64a8b9cf50fb66dd974555a355e4f259c4c4328a6b483c0dac67d",
  "2025_q3_fprc_era": "8e98fefa6ad6fd3d7d5891a7b38eccedb3fa73f2258c084ea2e481e3b2403076",
  "2025_q4_task46_56_era": "36f3aaa93ecba4d9e71bbfbb6f122f626a3a2d06f816e3cf3518b808216dc716"
 }
}
