======================================================================
DATA QUALITY
======================================================================
Data-quality report: AAPL
  Rows:                    14,288
  Range:                   2025-08-15 08:00:00+00:00 -> 2025-09-12 23:59:00+00:00
  Timezone:                UTC
  Inferred bar interval:   60.0s
  Duplicate timestamps:    0
  Out-of-order timestamps: 0
  Missing bars (total):    26992 (1985 gap(s))
    Expected (session closed):    26602
    Unexpected (inside session):  390
  Invalid prices (<=0):    0
  Invalid OHLC relations:  0
  Negative volume:         0
  NaN values:              0
  Infinite values:         0
  CRITICAL CORRUPTION:     no

======================================================================
BACKTEST RESULT
======================================================================
  progress: 100.0%  (14,288/14,288 bars)
Backtest Summary
----------------

Period:               2025-08-15 08:00:00+00:00 -> 2025-09-12 23:59:00+00:00
Symbols:              AAPL
Bars processed:       14,288
Signals generated:    0
Signals published:    0
Trades executed:      0
Throttle fidelity:    LIMITED (flushed once per 1-minute bar-close, not continuously every throttle_window_seconds)

Execution assumptions
----------------------
Entry slippage:       5.0 bps
Exit slippage:        5.0 bps
Spread:               10.0 bps
Same-bar resolution:  STOP_FIRST
EOD flatten:          ENABLED

Timezone
--------
Input timezone:       America/New_York
Internal timezone:    UTC
Session timezone:     America/New_York

Reproducibility
----------------
git_commit:           3be9eaccdda659f875ee77a06a65a0b1afcb0160
backtester_version:   0.1.0
strategy_version:     2ae6216bca70
config_hash:          3556debe52af
dataset_hash:         7b14ce2e50df
run_timestamp:        2026-08-27T01:14:39.230669+00:00

Portfolio disclaimer
---------------------
This backtest evaluates TRADE-LEVEL strategy performance (R-multiples per signal). It does NOT model starting capital, position sizing, maximum portfolio exposure, concurrent-position limits, or buying power. Aggregate R/expectancy figures here describe the strategy's per-trade edge, not a realistic portfolio-level return.

No trades were executed -- see `rejections` for the gate funnel (no fabricated metrics below).
Report files written:
  trades_csv           results\task72o_overnight_stabilization\scratch_stage3\aapl_1m_primarycost_trades.csv
  trades_json          results\task72o_overnight_stabilization\scratch_stage3\aapl_1m_primarycost_trades.json
  summary_json         results\task72o_overnight_stabilization\scratch_stage3\aapl_1m_primarycost_summary.json
  summary_txt          results\task72o_overnight_stabilization\scratch_stage3\aapl_1m_primarycost_summary.txt
  equity_curve_csv     results\task72o_overnight_stabilization\scratch_stage3\aapl_1m_primarycost_equity_curve.csv
  rejected_signals_csv results\task72o_overnight_stabilization\scratch_stage3\aapl_1m_primarycost_rejected_signals.csv
  data_quality_json    results\task72o_overnight_stabilization\scratch_stage3\aapl_1m_primarycost_data_quality.json
  results_html         results\task72o_overnight_stabilization\scratch_stage3\aapl_1m_primarycost_results.html

Open results\task72o_overnight_stabilization\scratch_stage3\aapl_1m_primarycost_results.html in a browser to view the full report.
